<html>
<body>
<pre>
<h1>µVision Build Log</h1>
<h2>Tool Versions:</h2>
IDE-Version: µVision V5.38.0.0
Copyright (C) 2022 ARM Ltd and ARM Germany GmbH. All rights reserved.
License Information: Phat Hoang Tien, hcmc university of technology and education, LIC=----
 
Tool Versions:
Toolchain:       MDK-Lite  Version: 5.38.0.0
Toolchain Path:  C:\Keil_v5\ARM\ARMCLANG\Bin
C Compiler:      ArmClang.exe V6.19
Assembler:       Armasm.exe V6.19
Linker/Locator:  ArmLink.exe V6.19
Library Manager: ArmAr.exe V6.19
Hex Converter:   FromElf.exe V6.19
CPU DLL:         SARMCM3.DLL V5.38.0.0
Dialog DLL:      DCM.DLL V1.17.5.0
Target DLL:      UL2CM3.DLL V1.164.8.0
Dialog DLL:      TCM.DLL V1.56.4.0
 
<h2>Project:</h2>
C:\Users\Hoang Tien Phat\Documents\STM32F103C8T6\Source code STM32F103C8T6\3 GPIO 7segment LED\GPIO 7segment LED.uvprojx
Project File Date:  09/15/2023

<h2>Output:</h2>
*** Using Compiler 'V6.19', folder: 'C:\Keil_v5\ARM\ARMCLANG\Bin'
Build target 'Target 1'
main.c(1): warning: In file included from...
C:/Users/Hoang Tien Phat/AppData/Local/Arm/Packs/Keil/STM32F1xx_DFP/2.4.1/Device/Include\stm32f10x.h(18): warning: invalid UTF-8 in comment [-Winvalid-utf8]
  *              - To use or not the peripheral<92>s drivers in application code(i.e. 
                                               ^
C:/Users/Hoang Tien Phat/AppData/Local/Arm/Packs/Keil/STM32F1xx_DFP/2.4.1/Device/Include\stm32f10x.h(19): warning: invalid UTF-8 in comment [-Winvalid-utf8]
  *                code will be based on direct access to peripheral<92>s registers 
                                                                    ^
C:/Users/Hoang Tien Phat/AppData/Local/Arm/Packs/Keil/STM32F1xx_DFP/2.4.1/Device/Include\stm32f10x.h(26): warning: invalid UTF-8 in comment [-Winvalid-utf8]
  *           - Macros to access peripheral<92>s registers hardware
                                           ^
main.c(7): warning: no previous extern declaration for non-static variable 'display_digits' [-Wmissing-variable-declarations]
uint16_t display_digits [10] = {0x01F8, 0x00C0, 0x01B4, 0x01E4, 0x00CC, 0x016C, 0x017C, 0x01C0, 0x01FC, 0x01EC};
         ^
main.c(7): note: declare 'static' if the variable is not intended to be used outside of this translation unit
uint16_t display_digits [10] = {0x01F8, 0x00C0, 0x01B4, 0x01E4, 0x00CC, 0x016C, 0x017C, 0x01C0, 0x01FC, 0x01EC};
^
main.c(10): warning: no previous extern declaration for non-static variable 'msTicks' [-Wmissing-variable-declarations]
volatile uint32_t msTicks = 0;
                  ^
main.c(10): note: declare 'static' if the variable is not intended to be used outside of this translation unit
volatile uint32_t msTicks = 0;
         ^
main.c(17): warning: cast from function call of type 'double' to non-matching type 'uint16_t' (aka 'unsigned short') [-Wbad-function-cast]
                component[i] = number / (uint16_t)pow(10, 3 - i);
                                                  ^~~~~~~~~~~~~~
main.c(17): warning: implicit conversion loses integer precision: 'int' to 'uint16_t' (aka 'unsigned short') [-Wimplicit-int-conversion]
                component[i] = number / (uint16_t)pow(10, 3 - i);
                             ~ ~~~~~~~^~~~~~~~~~~~~~~~~~~~~~~~~~
main.c(18): warning: cast from function call of type 'double' to non-matching type 'uint16_t' (aka 'unsigned short') [-Wbad-function-cast]
                number = number % (uint16_t)pow(10, 3 - i);
                                            ^~~~~~~~~~~~~~
main.c(13): warning: no previous prototype for function 'show_number' [-Wmissing-prototypes]
void show_number(int number){
     ^
main.c(13): note: declare 'static' if the function is not intended to be used outside of this translation unit
void show_number(int number){
^
static 
main.c(61): warning: no newline at end of file [-Wnewline-eof]
}
 ^
10 warnings generated.
compiling main.c...
linking...
Program Size: Code=7548 RO-data=412 RW-data=20 ZI-data=1864  
FromELF: creating hex file...
".\Objects\GPIO 7segment LED.axf" - 0 Error(s), 10 Warning(s).

<h2>Software Packages used:</h2>

Package Vendor: ARM
                http://www.keil.com/pack/ARM.CMSIS.5.9.0.pack
                ARM.CMSIS.5.9.0
                CMSIS (Common Microcontroller Software Interface Standard)
   * Component: CORE Version: 5.6.0

Package Vendor: Keil
                https://www.keil.com/pack/Keil.STM32F1xx_DFP.2.4.1.pack
                Keil.STM32F1xx_DFP.2.4.1
                STMicroelectronics STM32F1 Series Device Support, Drivers and Examples
   * Component: Startup Version: 1.0.0

<h2>Collection of Component include folders:</h2>
  ./RTE/Device/STM32F103C8
  ./RTE/_Target_1
  C:/Users/Hoang Tien Phat/AppData/Local/Arm/Packs/ARM/CMSIS/5.9.0/CMSIS/Core/Include
  C:/Users/Hoang Tien Phat/AppData/Local/Arm/Packs/Keil/STM32F1xx_DFP/2.4.1/Device/Include

<h2>Collection of Component Files used:</h2>

   * Component: ARM::CMSIS:CORE:5.6.0

   * Component: Keil::Device:Startup:1.0.0
      Source file:   Device/Source/ARM/startup_stm32f10x_md.s
      Source file:   Device/Source/system_stm32f10x.c
      Source file:   Device/Source/ARM/STM32F1xx_OPT.s
      Include file:  RTE_Driver/Config/RTE_Device.h
Build Time Elapsed:  00:00:11
</pre>
</body>
</html>
