<html>
<body>
<pre>
<h1>µVision Build Log</h1>
<h2>Tool Versions:</h2>
IDE-Version: µVision V5.38.0.0
Copyright (C) 2022 ARM Ltd and ARM Germany GmbH. All rights reserved.
License Information: Phat Hoang Tien, hcmc university of technology and education, LIC=----
 
Tool Versions:
Toolchain:       MDK-Lite  Version: 5.38.0.0
Toolchain Path:  C:\Keil_v5\ARM\ARMCLANG\Bin
C Compiler:      ArmClang.exe V6.19
Assembler:       Armasm.exe V6.19
Linker/Locator:  ArmLink.exe V6.19
Library Manager: ArmAr.exe V6.19
Hex Converter:   FromElf.exe V6.19
CPU DLL:         SARMCM3.DLL V5.38.0.0
Dialog DLL:      DCM.DLL V1.17.5.0
Target DLL:      STLink\ST-LINKIII-KEIL_SWO.dll V3.1.0.0
Dialog DLL:      TCM.DLL V1.56.4.0
 
<h2>Project:</h2>
C:\Users\Hoang Tien Phat\Documents\STM32F103C8T6\Source code STM32F103C8T6\13 Test2\STM32F103C8T6_framework.uvprojx
Project File Date:  10/30/2023

<h2>Output:</h2>
*** Using Compiler 'V6.19', folder: 'C:\Keil_v5\ARM\ARMCLANG\Bin'
Build target 'Target 1'
main.c(10): warning: In file included from...
C:/Users/Hoang Tien Phat/AppData/Local/Arm/Packs/Keil/STM32F1xx_DFP/2.4.1/Device/Include\stm32f10x.h(18): warning: invalid UTF-8 in comment [-Winvalid-utf8]
  *              - To use or not the peripheral<92>s drivers in application code(i.e. 
                                               ^
C:/Users/Hoang Tien Phat/AppData/Local/Arm/Packs/Keil/STM32F1xx_DFP/2.4.1/Device/Include\stm32f10x.h(19): warning: invalid UTF-8 in comment [-Winvalid-utf8]
  *                code will be based on direct access to peripheral<92>s registers 
                                                                    ^
C:/Users/Hoang Tien Phat/AppData/Local/Arm/Packs/Keil/STM32F1xx_DFP/2.4.1/Device/Include\stm32f10x.h(26): warning: invalid UTF-8 in comment [-Winvalid-utf8]
  *           - Macros to access peripheral<92>s registers hardware
                                           ^
main.c(19): warning: no previous extern declaration for non-static variable 'mode' [-Wmissing-variable-declarations]
int mode = 0;
    ^
main.c(19): note: declare 'static' if the variable is not intended to be used outside of this translation unit
int mode = 0;
^
main.c(20): warning: no previous extern declaration for non-static variable 'BLINKING' [-Wmissing-variable-declarations]
uint8_t BLINKING = 0;                   // 0 -> no blinking
        ^
main.c(20): note: declare 'static' if the variable is not intended to be used outside of this translation unit
uint8_t BLINKING = 0;                   // 0 -> no blinking
^
main.c(21): warning: no previous extern declaration for non-static variable 'TIME_S' [-Wmissing-variable-declarations]
int TIME_S = 0;
    ^
main.c(21): note: declare 'static' if the variable is not intended to be used outside of this translation unit
int TIME_S = 0;
^
main.c(22): warning: no previous extern declaration for non-static variable 'TIME_MS' [-Wmissing-variable-declarations]
int TIME_MS = 0;
    ^
main.c(22): note: declare 'static' if the variable is not intended to be used outside of this translation unit
int TIME_MS = 0;
^
main.c(23): warning: no previous extern declaration for non-static variable 'STOP_START' [-Wmissing-variable-declarations]
uint8_t STOP_START = 0;                 // 0 -> stop
        ^
main.c(23): note: declare 'static' if the variable is not intended to be used outside of this translation unit
uint8_t STOP_START = 0;                 // 0 -> stop
^
main.c(24): warning: no previous extern declaration for non-static variable 'COUNTING' [-Wmissing-variable-declarations]
uint8_t COUNTING = 0;           // 0 -> not counting
        ^
main.c(24): note: declare 'static' if the variable is not intended to be used outside of this translation unit
uint8_t COUNTING = 0;           // 0 -> not counting
^
main.c(75): warning: implicit conversion changes signedness: 'int' to 'unsigned int' [-Wsign-conversion]
        else{ GPIOA->ODR &= ~(1<<0);}
                         ~~ ^~~~~~~
main.c(136): warning: cast from function call of type 'double' to non-matching type 'uint16_t' (aka 'unsigned short') [-Wbad-function-cast]
                component[i] = number / (uint16_t)pow(10, 3 - i);
                                                  ^~~~~~~~~~~~~~
main.c(136): warning: implicit conversion loses integer precision: 'int' to 'uint16_t' (aka 'unsigned short') [-Wimplicit-int-conversion]
                component[i] = number / (uint16_t)pow(10, 3 - i);
                             ~ ~~~~~~~^~~~~~~~~~~~~~~~~~~~~~~~~~
main.c(137): warning: cast from function call of type 'double' to non-matching type 'uint16_t' (aka 'unsigned short') [-Wbad-function-cast]
                number = number % (uint16_t)pow(10, 3 - i);
                                            ^~~~~~~~~~~~~~
13 warnings generated.
compiling main.c...
linking...
Program Size: Code=1604 RO-data=252 RW-data=0 ZI-data=1656  
FromELF: creating hex file...
".\Objects\STM32F103C8T6_framework.axf" - 0 Error(s), 13 Warning(s).

<h2>Software Packages used:</h2>

Package Vendor: ARM
                http://www.keil.com/pack/ARM.CMSIS.5.9.0.pack
                ARM.CMSIS.5.9.0
                CMSIS (Common Microcontroller Software Interface Standard)
   * Component: CORE Version: 5.6.0

Package Vendor: Keil
                https://www.keil.com/pack/Keil.STM32F1xx_DFP.2.4.1.pack
                Keil.STM32F1xx_DFP.2.4.1
                STMicroelectronics STM32F1 Series Device Support, Drivers and Examples
   * Component: Startup Version: 1.0.0

<h2>Collection of Component include folders:</h2>
  ./RTE/Device/STM32F103C8
  ./RTE/_Target_1
  C:/Users/Hoang Tien Phat/AppData/Local/Arm/Packs/ARM/CMSIS/5.9.0/CMSIS/Core/Include
  C:/Users/Hoang Tien Phat/AppData/Local/Arm/Packs/Keil/STM32F1xx_DFP/2.4.1/Device/Include

<h2>Collection of Component Files used:</h2>

   * Component: ARM::CMSIS:CORE:5.6.0

   * Component: Keil::Device:Startup:1.0.0
      Source file:   Device/Source/ARM/startup_stm32f10x_md.s
      Source file:   Device/Source/system_stm32f10x.c
      Include file:  RTE_Driver/Config/RTE_Device.h
      Source file:   Device/Source/ARM/STM32F1xx_OPT.s
Build Time Elapsed:  00:00:01
</pre>
</body>
</html>
