<html>
<body>
<pre>
<h1>µVision Build Log</h1>
<h2>Tool Versions:</h2>
IDE-Version: µVision V5.37.0.0
Copyright (C) 2022 ARM Ltd and ARM Germany GmbH. All rights reserved.
License Information: Phat Hoang Tien, hcmc university of technology and education, LIC=----
 
Tool Versions:
Toolchain:       MDK-Lite  Version: 5.37.0.0
Toolchain Path:  C:\Keil_v5\ARM\ARMCLANG\Bin
C Compiler:      ArmClang.exe V6.18
Assembler:       Armasm.exe V6.18
Linker/Locator:  ArmLink.exe V6.18
Library Manager: ArmAr.exe V6.18
Hex Converter:   FromElf.exe V6.18
CPU DLL:         SARMCM3.DLL V5.37.0.0
Dialog DLL:      DCM.DLL V1.17.5.0
Target DLL:      STLink\ST-LINKIII-KEIL_SWO.dll V3.0.9.0
Dialog DLL:      TCM.DLL V1.56.1.0
 
<h2>Project:</h2>
C:\Users\Hoang Tien Phat\Documents\STM32F103C8T6\Source code STM32F103C8T6\17 Final project\Final_project.uvprojx
Project File Date:  12/11/2023

<h2>Output:</h2>
*** Using Compiler 'V6.18', folder: 'C:\Keil_v5\ARM\ARMCLANG\Bin'
Build target 'Target 1'
main.c(17): warning: no previous extern declaration for non-static variable 'Dutty_cycle' [-Wmissing-variable-declarations]
uint32_t Dutty_cycle = 0; // speed 0%
         ^
main.c(17): note: declare 'static' if the variable is not intended to be used outside of this translation unit
uint32_t Dutty_cycle = 0; // speed 0%
^
main.c(18): warning: no previous extern declaration for non-static variable 'Encoder_count' [-Wmissing-variable-declarations]
uint32_t Encoder_count = 0; // current encoder count
         ^
main.c(18): note: declare 'static' if the variable is not intended to be used outside of this translation unit
uint32_t Encoder_count = 0; // current encoder count
^
main.c(19): warning: no previous extern declaration for non-static variable 'Encoder_1_round' [-Wmissing-variable-declarations]
uint32_t Encoder_1_round = 120; // 120 encoder pulse per round
         ^
main.c(19): note: declare 'static' if the variable is not intended to be used outside of this translation unit
uint32_t Encoder_1_round = 120; // 120 encoder pulse per round
^
main.c(21): warning: no previous extern declaration for non-static variable 'ADC_value' [-Wmissing-variable-declarations]
uint32_t ADC_value = ADC_min; // PB0 ADC value
         ^
main.c(21): note: declare 'static' if the variable is not intended to be used outside of this translation unit
uint32_t ADC_value = ADC_min; // PB0 ADC value
^
main.c(22): warning: no previous extern declaration for non-static variable 'test_mode' [-Wmissing-variable-declarations]
uint8_t test_mode = 0;
        ^
main.c(22): note: declare 'static' if the variable is not intended to be used outside of this translation unit
uint8_t test_mode = 0;
^
main.c(20): warning: no previous extern declaration for non-static variable 'Motor_speed' [-Wmissing-variable-declarations]
uint32_t Motor_speed; // current motor speed (rpm)
         ^
main.c(20): note: declare 'static' if the variable is not intended to be used outside of this translation unit
uint32_t Motor_speed; // current motor speed (rpm)
^
6 warnings generated.
compiling main.c...
linking...
Program Size: Code=2056 RO-data=268 RW-data=8 ZI-data=1648  
FromELF: creating hex file...
".\Objects\Final_project.axf" - 0 Error(s), 6 Warning(s).

<h2>Software Packages used:</h2>

Package Vendor: ARM
                http://www.keil.com/pack/ARM.CMSIS.5.9.0.pack
                ARM.CMSIS.5.9.0
                CMSIS (Common Microcontroller Software Interface Standard)
   * Component: CORE Version: 5.6.0

Package Vendor: Keil
                https://www.keil.com/pack/Keil.STM32F1xx_DFP.2.4.1.pack
                Keil.STM32F1xx_DFP.2.4.1
                STMicroelectronics STM32F1 Series Device Support, Drivers and Examples
   * Component: Startup Version: 1.0.0

<h2>Collection of Component include folders:</h2>
  ./RTE/Device/STM32F103C8
  ./RTE/_Target_1
  C:/Users/Hoang Tien Phat/AppData/Local/Arm/Packs/ARM/CMSIS/5.9.0/CMSIS/Core/Include
  C:/Users/Hoang Tien Phat/AppData/Local/Arm/Packs/Keil/STM32F1xx_DFP/2.4.1/Device/Include

<h2>Collection of Component Files used:</h2>

   * Component: ARM::CMSIS:CORE:5.6.0

   * Component: Keil::Device:Startup:1.0.0
      Source file:   Device/Source/system_stm32f10x.c
      Include file:  RTE_Driver/Config/RTE_Device.h
      Source file:   Device/Source/ARM/STM32F1xx_OPT.s
      Source file:   Device/Source/ARM/startup_stm32f10x_md.s
Build Time Elapsed:  00:00:01
</pre>
</body>
</html>
